==================================== INPUT ====================================
# expected-to-throw

query clientFieldsWithUndefinedGlobalVariablesQuery($id: ID!) {
  node(id: $id) {
    ...clientFieldsWithUndefinedGlobalVariables_user
  }
}

fragment clientFieldsWithUndefinedGlobalVariables_user on User {
  pop_star_name(scale: $scale)
}

# %extensions%

extend type User {
  pop_star_name(scale: Float!): String
}
==================================== ERROR ====================================
✖︎ Expected `@alias` directive. `clientFieldsWithUndefinedGlobalVariables_user` is defined on `User` which might not match this selection type of `Node`. Add `@alias` to this spread to expose the fragment reference as a nullable property.

  client-fields-with-undefined-global-variables.invalid.graphql:5:8
    4 │   node(id: $id) {
    5 │     ...clientFieldsWithUndefinedGlobalVariables_user
      │        ^^^^^^^^^^^^^^^^^^^^^^^^^^^^^^^^^^^^^^^^^^^^^
    6 │   }
