==================================== INPUT ====================================
# expected-to-throw
query connectionWithDynamicKeyMissingVariableDefinitionFeedbackQuery($id: ID!) {
  node(id: $id) {
    ...connectionWithDynamicKeyMissingVariableDefinitionFeedbackFragment
  }
}

query connectionWithDynamicKeyMissingVariableDefinitionPaginationQuery(
  $id: ID!
  $count: Int!
  $cursor: ID!
) {
  node(id: $id) {
    ...connectionWithDynamicKeyMissingVariableDefinitionFeedbackFragment
      @arguments(count: $count, cursor: $cursor)
  }
}

fragment connectionWithDynamicKeyMissingVariableDefinitionFeedbackFragment on Feedback
  @argumentDefinitions(
    count: {type: "Int", defaultValue: 2}
    cursor: {type: "ID"}
  ) {
  id
  comments(after: $cursor, first: $count, orderby: "date")
    @connection(
      key: "FeedbackFragment_comments"
      dynamicKey_UNSTABLE: $commentsKey
      filters: ["orderby"]
    ) {
    edges {
      node {
        id
      }
    }
  }
}
==================================== ERROR ====================================
✖︎ Expected `@alias` directive. `connectionWithDynamicKeyMissingVariableDefinitionFeedbackFragment` is defined on `Feedback` which might not match this selection type of `Node`. Add `@alias` to this spread to expose the fragment reference as a nullable property.

  connection-with-dynamic-key-missing-variable-definition.invalid.graphql:14:8
   13 │   node(id: $id) {
   14 │     ...connectionWithDynamicKeyMissingVariableDefinitionFeedbackFragment
      │        ^^^^^^^^^^^^^^^^^^^^^^^^^^^^^^^^^^^^^^^^^^^^^^^^^^^^^^^^^^^^^^^^^
   15 │       @arguments(count: $count, cursor: $cursor)


✖︎ Expected `@alias` directive. `connectionWithDynamicKeyMissingVariableDefinitionFeedbackFragment` is defined on `Feedback` which might not match this selection type of `Node`. Add `@alias` to this spread to expose the fragment reference as a nullable property.

  connection-with-dynamic-key-missing-variable-definition.invalid.graphql:4:8
    3 │   node(id: $id) {
    4 │     ...connectionWithDynamicKeyMissingVariableDefinitionFeedbackFragment
      │        ^^^^^^^^^^^^^^^^^^^^^^^^^^^^^^^^^^^^^^^^^^^^^^^^^^^^^^^^^^^^^^^^^
    5 │   }
