==================================== INPUT ====================================
# expected-to-throw
fragment fragmentOnQueryWithCycle_RefetchableFragment on Query
  @refetchable(queryName: "RefetchableFragmentQuery")
  @argumentDefinitions(id: {type: "ID!"}) {
  node(id: $id) {
    ... on User {
      id
      name
      ...fragmentOnQueryWithCycle_Profile @arguments(includeProfile: true)
    }
  }
}

fragment fragmentOnQueryWithCycle_Profile on User
  @argumentDefinitions(
    includeProfile: {type: "Boolean!", defaultValue: false}
  ) {
  id
  name
  profilePicture(size: $pictureSize) @include(if: $includeProfile) {
    uri
  }
  friends(first: $count) {
    edges {
      node {
        ...fragmentOnQueryWithCycle_Profile
      }
    }
  }
}
==================================== ERROR ====================================
✖︎ Expected `@alias` directive. `fragmentOnQueryWithCycle_Profile` is defined on `User` which might not match this selection type of `Node`. Add `@alias` to this spread to expose the fragment reference as a nullable property. NOTE: The selection type inferred here does not include inline fragments because Relay does not always model inline fragment type refinements in its generated types.

  fragment-on-query-with-cycle.invalid.graphql:9:10
    8 │       name
    9 │       ...fragmentOnQueryWithCycle_Profile @arguments(includeProfile: true)
      │          ^^^^^^^^^^^^^^^^^^^^^^^^^^^^^^^^
   10 │     }
