==================================== INPUT ====================================
# expected-to-throw
query queryWithMatchDirectiveNoModules_NameRendererQuery($id: ID!) {
  node(id: $id) {
    ...queryWithMatchDirectiveNoModules_NameRendererFragment
  }
}

fragment queryWithMatchDirectiveNoModules_NameRendererFragment on User {
  id
  nameRenderer @match {
    __typename
  }
}
==================================== ERROR ====================================
✖︎ Expected `@alias` directive. `queryWithMatchDirectiveNoModules_NameRendererFragment` is defined on `User` which might not match this selection type of `Node`. Add `@alias` to this spread to expose the fragment reference as a nullable property.

  query-with-match-directive-no-modules.invalid.graphql:4:8
    3 │   node(id: $id) {
    4 │     ...queryWithMatchDirectiveNoModules_NameRendererFragment
      │        ^^^^^^^^^^^^^^^^^^^^^^^^^^^^^^^^^^^^^^^^^^^^^^^^^^^^^
    5 │   }
