==================================== INPUT ====================================
# expected-to-throw

query relayResolverWithUndefinedFieldAndFragmentArgsQuery {
  node(id: "SOME_ID") {
    ...relayResolverWithUndefinedFieldAndFragmentArgs_user
  }
}

fragment relayResolverWithUndefinedFieldAndFragmentArgs_user on User {
  pop_star_name(field_arg: $undefined_field_arg, includeName: $undefined_fragment_arg)
}

fragment relayResolverWithUndefinedFieldAndFragmentArgsFragment_name on User
  @argumentDefinitions(includeName: {type: "Boolean!"}) {
  __typename
  name @include(if: $includeName)
}

# %extensions%

extend type User {
  pop_star_name(field_arg: Int, includeName: Boolean!): String @relay_resolver(fragment_name: "relayResolverWithUndefinedFieldAndFragmentArgsFragment_name", import_path: "PopStarNameResolver")
}
==================================== ERROR ====================================
✖︎ Expected `@alias` directive. `relayResolverWithUndefinedFieldAndFragmentArgs_user` is defined on `User` which might not match this selection type of `Node`. Add `@alias` to this spread to expose the fragment reference as a nullable property.

  relay-resolver-with-undefined-field-and-fragment-args.invalid.graphql:5:8
    4 │   node(id: "SOME_ID") {
    5 │     ...relayResolverWithUndefinedFieldAndFragmentArgs_user
      │        ^^^^^^^^^^^^^^^^^^^^^^^^^^^^^^^^^^^^^^^^^^^^^^^^^^^
    6 │   }
