==================================== INPUT ====================================
# expected-to-throw

query relayResolverWithUndefinedFieldArgsScalarQuery {
  node(id: "SOME_ID") {
    ...relayResolverWithUndefinedFieldArgsScalar_name
  }
}

fragment relayResolverWithUndefinedFieldArgsScalar_name on User {
  pop_star_name(scale: $scale)
}

# %extensions%

extend type User {
  pop_star_name(scale: Float!): String @relay_resolver(import_path: "./path/to/PopStarNameResolver.js")
}
==================================== ERROR ====================================
✖︎ Expected `@alias` directive. `relayResolverWithUndefinedFieldArgsScalar_name` is defined on `User` which might not match this selection type of `Node`. Add `@alias` to this spread to expose the fragment reference as a nullable property.

  relay-resolver-with-undefined-field-args-scalar.invalid.graphql:5:8
    4 │   node(id: "SOME_ID") {
    5 │     ...relayResolverWithUndefinedFieldArgsScalar_name
      │        ^^^^^^^^^^^^^^^^^^^^^^^^^^^^^^^^^^^^^^^^^^^^^^
    6 │   }
