==================================== INPUT ====================================
# expected-to-throw
query unknownRootVariableInFragmentQuery($id: ID!) {
  node(id: $id) {
    id
    ...unknownRootVariableInFragmentProfile @relay(mask: false)
  }
}

fragment unknownRootVariableInFragmentProfile on User {
  id
  name
  # includeFriends is not defined on the referencing query, should error
  ... @include(if: $includeFriends) {
    friends(first: 10) {
      edges {
        node {
          id
        }
      }
    }
  }
}
==================================== ERROR ====================================
✖︎ Expected `@alias` directive. `unknownRootVariableInFragmentProfile` is defined on `User` which might not match this selection type of `Node`. Add `@alias` to this spread to expose the fragment reference as a nullable property.

  unknown-root-variable-in-fragment.invalid.graphql:5:8
    4 │     id
    5 │     ...unknownRootVariableInFragmentProfile @relay(mask: false)
      │        ^^^^^^^^^^^^^^^^^^^^^^^^^^^^^^^^^^^^
    6 │   }
